[demo.bootstrapious.com/varkala/1-2-1/contact3b00.html]
[backblue.gif]
[fade.gif]
[index.html]
[d19m59y37dris4.cloudfront.net/varkala/1-2-1/vendor/swiper/css/swiper.min.css]
[d19m59y37dris4.cloudfront.net/varkala/1-2-1/vendor/aos/aos.css]
[d19m59y37dris4.cloudfront.net/varkala/1-2-1/vendor/malihu-custom-scrollbar-plugin/jquery.mCustomScrollbar.css]
[cdnjs.cloudflare.com/ajax/libs/leaflet/1.4.0/leaflet.css]
[d19m59y37dris4.cloudfront.net/varkala/1-2-1/css/style.default.bc0dbdbe.css]
[d19m59y37dris4.cloudfront.net/varkala/1-2-1/img/favicon.png]
[use.fontawesome.com/releases/v5.10.0/css/all.css]
[demo.bootstrapious.com/varkala/1-2-1/index.html]
[demo.bootstrapious.com/varkala/1-2-1/wishlist.html]
[demo.bootstrapious.com/varkala/1-2-1/index-2.html]
[demo.bootstrapious.com/varkala/1-2-1/index-3.html]
[demo.bootstrapious.com/varkala/1-2-1/index-4.html]
[demo.bootstrapious.com/varkala/1-2-1/category-full.html]
[demo.bootstrapious.com/varkala/1-2-1/category-full-sidebar.html]
[demo.bootstrapious.com/varkala/1-2-1/category-big-products.html]
[demo.bootstrapious.com/varkala/1-2-1/category-boxed.html]
[demo.bootstrapious.com/varkala/1-2-1/category-sidebar.html]
[demo.bootstrapious.com/varkala/1-2-1/category-masonry.html]
[demo.bootstrapious.com/varkala/1-2-1/category-categories.html]
[demo.bootstrapious.com/varkala/1-2-1/detail-1.html]
[demo.bootstrapious.com/varkala/1-2-1/detail-2.html]
[demo.bootstrapious.com/varkala/1-2-1/detail-3.html]
[d19m59y37dris4.cloudfront.net/varkala/1-2-1/img/product/kyle-loftus-596319-unsplash-cropped.jpg]
[d19m59y37dris4.cloudfront.net/varkala/1-2-1/img/blog/christopher-campbell-28571-unsplash.jpg]
[d19m59y37dris4.cloudfront.net/varkala/1-2-1/img/blog/ian-dooley-347962-unsplash.jpg]
[demo.bootstrapious.com/varkala/1-2-1/cart.html]
[demo.bootstrapious.com/varkala/1-2-1/checkout1.html]
[demo.bootstrapious.com/varkala/1-2-1/checkout.html]
[demo.bootstrapious.com/varkala/1-2-1/checkout-confirmed.html]
[d19m59y37dris4.cloudfront.net/varkala/1-2-1/img/blog/ian-dooley-347942-unsplash.jpg]
[demo.bootstrapious.com/varkala/1-2-1/blog.html]
[demo.bootstrapious.com/varkala/1-2-1/blog-masonry.html]
[demo.bootstrapious.com/varkala/1-2-1/post.html]
[demo.bootstrapious.com/varkala/1-2-1/about.html]
[demo.bootstrapious.com/varkala/1-2-1/about-2.html]
[demo.bootstrapious.com/varkala/1-2-1/faq.html]
[demo.bootstrapious.com/varkala/1-2-1/contact.html]
[demo.bootstrapious.com/varkala/1-2-1/privacy.html]
[d19m59y37dris4.cloudfront.net/varkala/1-2-1/img/blog/photo-1534126511673-b6899657816a.jpg]
[demo.bootstrapious.com/varkala/1-2-1/customer-login.html]
[demo.bootstrapious.com/varkala/1-2-1/customer-orders.html]
[demo.bootstrapious.com/varkala/1-2-1/customer-order.html]
[demo.bootstrapious.com/varkala/1-2-1/customer-order-tracking.html]
[demo.bootstrapious.com/varkala/1-2-1/customer-addresses.html]
[demo.bootstrapious.com/varkala/1-2-1/customer-account.html]
[demo.bootstrapious.com/varkala/1-2-1/customer-wishlist.html]
[demo.bootstrapious.com/varkala/1-2-1/docs/index.html]
[demo.bootstrapious.com/varkala/1-2-1/docs/directory-structure.html]
[demo.bootstrapious.com/varkala/1-2-1/docs/gulp.html]
[demo.bootstrapious.com/varkala/1-2-1/docs/customizing-css.html]
[demo.bootstrapious.com/varkala/1-2-1/docs/credits.html]
[demo.bootstrapious.com/varkala/1-2-1/docs/changelog.html]
[demo.bootstrapious.com/varkala/1-2-1/docs/components-bootstrap.html]
[demo.bootstrapious.com/varkala/1-2-1/docs/components-theme.html]
[d19m59y37dris4.cloudfront.net/varkala/1-2-1/img/product/product-square-ian-dooley-347968-unsplash.jpg]
[d19m59y37dris4.cloudfront.net/varkala/1-2-1/img/product/product-square-kyle-loftus-596319-unsplash.jpg]
[d19m59y37dris4.cloudfront.net/varkala/1-2-1/img/product/product-square-serrah-galos-494312-unsplash.jpg]
[d19m59y37dris4.cloudfront.net/varkala/1-2-1/vendor/jquery/jquery.min.js]
[d19m59y37dris4.cloudfront.net/varkala/1-2-1/vendor/bootstrap/js/bootstrap.bundle.min.js]
[d19m59y37dris4.cloudfront.net/varkala/1-2-1/vendor/swiper/js/swiper.min.js]
[d19m59y37dris4.cloudfront.net/varkala/1-2-1/vendor/bootstrap-select/js/bootstrap-select.min.js]
[d19m59y37dris4.cloudfront.net/varkala/1-2-1/vendor/aos/aos.js]
[d19m59y37dris4.cloudfront.net/varkala/1-2-1/vendor/malihu-custom-scrollbar-plugin/jquery.mCustomScrollbar.concat.min.js]
[demo.bootstrapious.com/varkala/1-2-1/js/custom-scrollbar-init.f148089f.js]
[d19m59y37dris4.cloudfront.net/varkala/1-2-1/vendor/smooth-scroll/smooth-scroll.polyfills.min.js]
[d19m59y37dris4.cloudfront.net/varkala/1-2-1/vendor/object-fit-images/ofi.min.js]
[d19m59y37dris4.cloudfront.net/varkala/1-2-1/vendor/jquery-parallax.js/parallax.min.js]
[cdnjs.cloudflare.com/ajax/libs/leaflet/1.4.0/leaflet.js]
[demo.bootstrapious.com/varkala/1-2-1/js/map-init.057f5373.js]
[demo.bootstrapious.com/varkala/1-2-1/js/sliders-init.1db6fb07.js]
[demo.bootstrapious.com/varkala/1-2-1/js/theme.fe2c17cd.js]
[demo.bootstrapious.com/varkala/1-2-1/contact3b00.html]
[demo.bootstrapious.com/varkala/1-2-1/fonts/vremenagroteskbook-webfont.6d202c86.woff2]
[demo.bootstrapious.com/varkala/1-2-1/fonts/vremenagroteskbook-webfont.854f692f.woff]
[demo.bootstrapious.com/varkala/1-2-1/fonts/vremenagrotesk-webfont.475e8e90.woff2]
[demo.bootstrapious.com/varkala/1-2-1/fonts/vremenagrotesk-webfont.3ac5e80e.woff]
[demo.bootstrapious.com/varkala/1-2-1/fonts/vremenagroteskbold-webfont.fab05fbc.woff2]
[demo.bootstrapious.com/varkala/1-2-1/fonts/vremenagroteskbold-webfont.bd41c7ee.woff]
[demo.bootstrapious.com/varkala/1-2-1/fonts/stylesheet.e9dc714d.css]
[d19m59y37dris4.cloudfront.net/varkala/1-2-1/vendor/swiper/css/swiper.min.css]
[d19m59y37dris4.cloudfront.net/varkala/1-2-1/vendor/aos/aos.css]
[d19m59y37dris4.cloudfront.net/varkala/1-2-1/vendor/malihu-custom-scrollbar-plugin/mCSB_buttons.png]
[d19m59y37dris4.cloudfront.net/varkala/1-2-1/vendor/malihu-custom-scrollbar-plugin/jquery.mCustomScrollbar.css]
[cdnjs.cloudflare.com/ajax/libs/leaflet/1.4.0/images/layers.png]
[cdnjs.cloudflare.com/ajax/libs/leaflet/1.4.0/images/layers-2x.png]
[cdnjs.cloudflare.com/ajax/libs/leaflet/1.4.0/leaflet.css]
[cdnjs.cloudflare.com/ajax/libs/leaflet/1.4.0/images/marker-icon.png]
[d19m59y37dris4.cloudfront.net/varkala/1-2-1/css/photoswipe/default-skin.e3f799c6.png]
[d19m59y37dris4.cloudfront.net/varkala/1-2-1/css/photoswipe/default-skin.b257fa9c.svg]
[d19m59y37dris4.cloudfront.net/varkala/1-2-1/css/photoswipe/preloader.e34aafbb.gif]
[d19m59y37dris4.cloudfront.net/varkala/1-2-1/css/style.default.bc0dbdbe.css]
[d19m59y37dris4.cloudfront.net/varkala/1-2-1/css/custom.0a822280.css]
[use.fontawesome.com/releases/v5.10.0/css/all.css]
[d19m59y37dris4.cloudfront.net/varkala/1-2-1/img/photo/home-1-plain.jpg]
[d19m59y37dris4.cloudfront.net/varkala/1-2-1/img/photo/home-2-plain.jpg]
[d19m59y37dris4.cloudfront.net/varkala/1-2-1/img/photo/home-3-plain.jpg]
[d19m59y37dris4.cloudfront.net/varkala/1-2-1/img/product/category-women.jpg]
[d19m59y37dris4.cloudfront.net/varkala/1-2-1/img/product/category-men.jpg]
[d19m59y37dris4.cloudfront.net/varkala/1-2-1/img/product/0987188250_1_1_1.jpg]
[d19m59y37dris4.cloudfront.net/varkala/1-2-1/img/product/0987188250_2_1_1.jpg]
[d19m59y37dris4.cloudfront.net/varkala/1-2-1/img/product/0950354513_1_1_1.jpg]
[d19m59y37dris4.cloudfront.net/varkala/1-2-1/img/product/0950354513_2_1_1.jpg]
[d19m59y37dris4.cloudfront.net/varkala/1-2-1/img/product/5161335400_1_1_1.jpg]
[d19m59y37dris4.cloudfront.net/varkala/1-2-1/img/product/5161335400_2_3_1.jpg]
[d19m59y37dris4.cloudfront.net/varkala/1-2-1/img/product/0027211800_1_2_1.jpg]
[d19m59y37dris4.cloudfront.net/varkala/1-2-1/img/product/0027211800_2_1_1.jpg]
[d19m59y37dris4.cloudfront.net/varkala/1-2-1/img/product/0144074800_1_1_1.jpg]
[d19m59y37dris4.cloudfront.net/varkala/1-2-1/img/product/0144074800_2_1_1.jpg]
[d19m59y37dris4.cloudfront.net/varkala/1-2-1/img/product/0693492802_1_1_1.jpg]
[d19m59y37dris4.cloudfront.net/varkala/1-2-1/img/product/0693492802_2_1_1.jpg]
[d19m59y37dris4.cloudfront.net/varkala/1-2-1/img/product/0364326148_1_1_1.jpg]
[d19m59y37dris4.cloudfront.net/varkala/1-2-1/img/product/0364326148_2_1_1.jpg]
[d19m59y37dris4.cloudfront.net/varkala/1-2-1/img/product/0931168712_1_1_1.jpg]
[d19m59y37dris4.cloudfront.net/varkala/1-2-1/img/product/0931168712_2_1_1.jpg]
[d19m59y37dris4.cloudfront.net/varkala/1-2-1/img/product/1000962306_1_1_1.jpg]
[d19m59y37dris4.cloudfront.net/varkala/1-2-1/img/product/1000962306_2_1_1.jpg]
[d19m59y37dris4.cloudfront.net/varkala/1-2-1/img/product/0915494643_1_1_1.jpg]
[d19m59y37dris4.cloudfront.net/varkala/1-2-1/img/product/0915494643_2_1_1.jpg]
[d19m59y37dris4.cloudfront.net/varkala/1-2-1/img/product/0907168607_1_1_1.jpg]
[d19m59y37dris4.cloudfront.net/varkala/1-2-1/img/product/0907168607_2_1_1.jpg]
[d19m59y37dris4.cloudfront.net/varkala/1-2-1/img/product/5806513505_1_2_1.jpg]
[d19m59y37dris4.cloudfront.net/varkala/1-2-1/img/product/5806513505_2_1_1.jpg]
[d19m59y37dris4.cloudfront.net/varkala/1-2-1/img/product/detail-1-gray.jpg]
[d19m59y37dris4.cloudfront.net/varkala/1-2-1/img/product/detail-2-gray.jpg]
[d19m59y37dris4.cloudfront.net/varkala/1-2-1/img/product/detail-3-gray.jpg]
[d19m59y37dris4.cloudfront.net/varkala/1-2-1/img/product/detail-4-gray.jpg]
[d19m59y37dris4.cloudfront.net/varkala/1-2-1/img/product/detail-5-gray.jpg]
[d19m59y37dris4.cloudfront.net/varkala/1-2-1/img/photo/deal-plain.jpg]
[demo.bootstrapious.com/varkala/1-2-1/js/countdown.782bfd78.js]
[demo.bootstrapious.com/varkala/1-2-1/index.html]
[demo.bootstrapious.com/varkala/1-2-1/wishlist.html]
[d19m59y37dris4.cloudfront.net/varkala/1-2-1/img/photo/home-5.jpg]
[d19m59y37dris4.cloudfront.net/varkala/1-2-1/img/photo/home-1.jpg]
[d19m59y37dris4.cloudfront.net/varkala/1-2-1/img/photo/home-2.jpg]
[d19m59y37dris4.cloudfront.net/varkala/1-2-1/img/product/category-jackets-3-colour-bg-2.jpg]
[d19m59y37dris4.cloudfront.net/varkala/1-2-1/img/product/category-coats-2-colour-bg-2.jpg]
[d19m59y37dris4.cloudfront.net/varkala/1-2-1/img/product/category-dresses-2-colour-bg-2.jpg]
[d19m59y37dris4.cloudfront.net/varkala/1-2-1/img/product/category-jeans-colour-bg-2.jpg]
[d19m59y37dris4.cloudfront.net/varkala/1-2-1/img/product/category-bags-2-colour-bg-2.jpg]
[d19m59y37dris4.cloudfront.net/varkala/1-2-1/img/product/category-shoes-colour-bg.jpg]
[demo.bootstrapious.com/varkala/1-2-1/index-2.html]
[d19m59y37dris4.cloudfront.net/varkala/1-2-1/img/product/clock-transparent.png]
[d19m59y37dris4.cloudfront.net/varkala/1-2-1/img/product/chair2-transparent.png]
[d19m59y37dris4.cloudfront.net/varkala/1-2-1/img/product/box-transparent.png]
[d19m59y37dris4.cloudfront.net/varkala/1-2-1/img/product/book-sq.jpg]
[d19m59y37dris4.cloudfront.net/varkala/1-2-1/img/product/chair-2-sq.jpg]
[d19m59y37dris4.cloudfront.net/varkala/1-2-1/img/product/box-sq.jpg]
[d19m59y37dris4.cloudfront.net/varkala/1-2-1/img/product/clock-sq.jpg]
[d19m59y37dris4.cloudfront.net/varkala/1-2-1/img/product/clock2-sq.jpg]
[d19m59y37dris4.cloudfront.net/varkala/1-2-1/img/product/chair3-3-sq.jpg]
[d19m59y37dris4.cloudfront.net/varkala/1-2-1/img/product/chair.jpg]
[d19m59y37dris4.cloudfront.net/varkala/1-2-1/img/product/chair-2.jpg]
[d19m59y37dris4.cloudfront.net/varkala/1-2-1/img/product/book.jpg]
[d19m59y37dris4.cloudfront.net/varkala/1-2-1/img/product/book-2.jpg]
[d19m59y37dris4.cloudfront.net/varkala/1-2-1/img/product/chair2.jpg]
[d19m59y37dris4.cloudfront.net/varkala/1-2-1/img/product/chair2-2.jpg]
[d19m59y37dris4.cloudfront.net/varkala/1-2-1/img/product/chair3.jpg]
[d19m59y37dris4.cloudfront.net/varkala/1-2-1/img/product/chair3-3.jpg]
[d19m59y37dris4.cloudfront.net/varkala/1-2-1/img/product/clock.jpg]
[d19m59y37dris4.cloudfront.net/varkala/1-2-1/img/product/clock-2.jpg]
[d19m59y37dris4.cloudfront.net/varkala/1-2-1/img/product/clock3.jpg]
[d19m59y37dris4.cloudfront.net/varkala/1-2-1/img/product/clock3-2.jpg]
[d19m59y37dris4.cloudfront.net/varkala/1-2-1/img/product/box.jpg]
[d19m59y37dris4.cloudfront.net/varkala/1-2-1/img/product/box-2.jpg]
[d19m59y37dris4.cloudfront.net/varkala/1-2-1/img/product/box2.jpg]
[d19m59y37dris4.cloudfront.net/varkala/1-2-1/img/product/chair-transparent.png]
[demo.bootstrapious.com/varkala/1-2-1/index-3.html]
[d19m59y37dris4.cloudfront.net/varkala/1-2-1/img/product/category-chair2.jpg]
[d19m59y37dris4.cloudfront.net/varkala/1-2-1/img/product/category-boxes.jpg]
[d19m59y37dris4.cloudfront.net/varkala/1-2-1/img/product/category-books.jpg]
[d19m59y37dris4.cloudfront.net/varkala/1-2-1/img/product/category-clocks.jpg]
[d19m59y37dris4.cloudfront.net/varkala/1-2-1/img/product/lamps-transparent.png]
[d19m59y37dris4.cloudfront.net/varkala/1-2-1/img/product/chair3-sq.jpg]
[d19m59y37dris4.cloudfront.net/varkala/1-2-1/img/product/box2-sq.jpg]
[d19m59y37dris4.cloudfront.net/varkala/1-2-1/img/product/chair-transparent-shadow.png]
[d19m59y37dris4.cloudfront.net/varkala/1-2-1/vendor/masonry-layout/masonry.pkgd.min.js]
[d19m59y37dris4.cloudfront.net/varkala/1-2-1/vendor/imagesloaded/imagesloaded.pkgd.min.js]
[demo.bootstrapious.com/varkala/1-2-1/js/masonry-init.8405a746.js]
[demo.bootstrapious.com/varkala/1-2-1/index-4.html]
[d19m59y37dris4.cloudfront.net/varkala/1-2-1/vendor/nouislider/nouislider.css]
[demo.bootstrapious.com/varkala/1-2-1/category-full.html]
[demo.bootstrapious.com/varkala/1-2-1/category-full-sidebar.html]
[demo.bootstrapious.com/varkala/1-2-1/category-big-products.html]
[demo.bootstrapious.com/varkala/1-2-1/category-boxed.html]
[demo.bootstrapious.com/varkala/1-2-1/category-sidebar.html]
[d19m59y37dris4.cloudfront.net/varkala/1-2-1/vendor/nouislider/nouislider.min.js]
[d19m59y37dris4.cloudfront.net/varkala/1-2-1/img/product/serrah-galos-494312-unsplash-cropped.jpg]
[d19m59y37dris4.cloudfront.net/varkala/1-2-1/img/product/5161335400_1_1_1-cropped.jpg]
[d19m59y37dris4.cloudfront.net/varkala/1-2-1/img/product/serrah-galos-494231-unsplash-cropped.jpg]
[d19m59y37dris4.cloudfront.net/varkala/1-2-1/img/product/averie-woodard-319832-unsplash-cropped.jpg]
[d19m59y37dris4.cloudfront.net/varkala/1-2-1/img/product/alex-holyoake-571682-unsplash-cropped.jpg]
[demo.bootstrapious.com/varkala/1-2-1/category-masonry.html]
[d19m59y37dris4.cloudfront.net/varkala/1-2-1/img/product/category-jackets-2.jpg]
[d19m59y37dris4.cloudfront.net/varkala/1-2-1/img/product/category-coats.jpg]
[d19m59y37dris4.cloudfront.net/varkala/1-2-1/img/product/category-dresses.jpg]
[d19m59y37dris4.cloudfront.net/varkala/1-2-1/img/product/category-overalls.jpg]
[d19m59y37dris4.cloudfront.net/varkala/1-2-1/img/product/category-skirts.jpg]
[d19m59y37dris4.cloudfront.net/varkala/1-2-1/img/product/category-shirts.jpg]
[d19m59y37dris4.cloudfront.net/varkala/1-2-1/img/product/category-shoes.jpg]
[d19m59y37dris4.cloudfront.net/varkala/1-2-1/img/product/category-bags.jpg]
[d19m59y37dris4.cloudfront.net/varkala/1-2-1/img/product/category-bijoutery-2.jpg]
[demo.bootstrapious.com/varkala/1-2-1/category-categories.html]
[demo.bootstrapious.com/varkala/1-2-1/img/product/detail-3-gray.jpg]
[demo.bootstrapious.com/varkala/1-2-1/img/product/detail-1-gray.jpg]
[demo.bootstrapious.com/varkala/1-2-1/img/product/detail-2-gray.jpg]
[demo.bootstrapious.com/varkala/1-2-1/img/product/detail-4-gray.jpg]
[demo.bootstrapious.com/varkala/1-2-1/img/product/detail-5-gray.jpg]
[demo.bootstrapious.com/varkala/1-2-1/img/product/detail-6.jpg]
[d19m59y37dris4.cloudfront.net/varkala/1-2-1/img/product/detail-6.jpg]
[d19m59y37dris4.cloudfront.net/varkala/1-2-1/img/product/detail-3.jpg]
[d19m59y37dris4.cloudfront.net/varkala/1-2-1/img/avatar/person-1.jpg]
[d19m59y37dris4.cloudfront.net/varkala/1-2-1/img/avatar/person-2.jpg]
[d19m59y37dris4.cloudfront.net/varkala/1-2-1/img/avatar/person-3.jpg]
[d19m59y37dris4.cloudfront.net/varkala/1-2-1/img/avatar/person-4.jpg]
[d19m59y37dris4.cloudfront.net/varkala/1-2-1/vendor/photoswipe/photoswipe.min.js]
[d19m59y37dris4.cloudfront.net/varkala/1-2-1/vendor/photoswipe/photoswipe-ui-default.min.js]
[demo.bootstrapious.com/varkala/1-2-1/js/photoswipe-init.ee6f4f5e.js]
[demo.bootstrapious.com/varkala/1-2-1/detail-1.html]
[demo.bootstrapious.com/varkala/1-2-1/detail-2.html]
[demo.bootstrapious.com/varkala/1-2-1/detail-3.html]
[demo.bootstrapious.com/varkala/1-2-1/cart.html]
[d19m59y37dris4.cloudfront.net/varkala/1-2-1/vendor/jquery-zoom/jquery.zoom.min.js]
[demo.bootstrapious.com/varkala/1-2-1/checkout1.html]
[demo.bootstrapious.com/varkala/1-2-1/checkout.html]
[demo.bootstrapious.com/varkala/1-2-1/checkout-confirmed.html]
[demo.bootstrapious.com/varkala/1-2-1/checkout2.html]
[d19m59y37dris4.cloudfront.net/varkala/1-2-1/img/blog/matheus-ferrero-334418-unsplash.jpg]
[d19m59y37dris4.cloudfront.net/varkala/1-2-1/img/blog/rahul-anil-214671-unsplash.jpg]
[demo.bootstrapious.com/varkala/1-2-1/blog.html]
[d19m59y37dris4.cloudfront.net/varkala/1-2-1/img/blog/kyle-loftus-596319-unsplash-cropped-2.jpg]
[d19m59y37dris4.cloudfront.net/varkala/1-2-1/img/blog/averie-woodard-319832-unsplash-cropped.jpg]
[demo.bootstrapious.com/varkala/1-2-1/blog-masonry.html]
[d19m59y37dris4.cloudfront.net/varkala/1-2-1/img/avatar/avatar-0.jpg]
[demo.bootstrapious.com/varkala/1-2-1/post.html]
[d19m59y37dris4.cloudfront.net/varkala/1-2-1/img/photo/raoul-ortega-2JtF6pYAOOI-unsplash.jpg]
[d19m59y37dris4.cloudfront.net/varkala/1-2-1/img/photo/clark-street-mercantile-P3pI6xzovu0-unsplash.jpg]
[d19m59y37dris4.cloudfront.net/varkala/1-2-1/img/avatar/avatar-1.jpg]
[d19m59y37dris4.cloudfront.net/varkala/1-2-1/img/avatar/avatar-2.jpg]
[d19m59y37dris4.cloudfront.net/varkala/1-2-1/img/avatar/avatar-3.jpg]
[d19m59y37dris4.cloudfront.net/varkala/1-2-1/img/avatar/avatar-4.jpg]
[d19m59y37dris4.cloudfront.net/varkala/1-2-1/img/avatar/avatar-5.jpg]
[d19m59y37dris4.cloudfront.net/varkala/1-2-1/img/avatar/avatar-6.jpg]
[d19m59y37dris4.cloudfront.net/varkala/1-2-1/img/avatar/avatar-7.jpg]
[demo.bootstrapious.com/varkala/1-2-1/about.html]
[demo.bootstrapious.com/varkala/1-2-1/about-2.html]
[demo.bootstrapious.com/varkala/1-2-1/faq.html]
[demo.bootstrapious.com/varkala/1-2-1/contact.html]
[demo.bootstrapious.com/varkala/1-2-1/privacy.html]
[demo.bootstrapious.com/varkala/1-2-1/customer-login.html]
[demo.bootstrapious.com/varkala/1-2-1/customer-orders.html]
[demo.bootstrapious.com/varkala/1-2-1/customer-order.html]
[demo.bootstrapious.com/varkala/1-2-1/customer-order-tracking.html]
[demo.bootstrapious.com/varkala/1-2-1/customer-addresses.html]
[demo.bootstrapious.com/varkala/1-2-1/customer-account.html]
[demo.bootstrapious.com/varkala/1-2-1/customer-wishlist.html]
[demo.bootstrapious.com/varkala/1-2-1/vendor/swiper/css/swiper.min.css]
[demo.bootstrapious.com/varkala/1-2-1/vendor/aos/aos.css]
[demo.bootstrapious.com/varkala/1-2-1/vendor/malihu-custom-scrollbar-plugin/jquery.mCustomScrollbar.css]
[demo.bootstrapious.com/varkala/1-2-1/css/style.default.bc0dbdbe.css]
[demo.bootstrapious.com/varkala/1-2-1/img/favicon.png]
[demo.bootstrapious.com/varkala/1-2-1/img/product/kyle-loftus-596319-unsplash-cropped.jpg]
[demo.bootstrapious.com/varkala/1-2-1/img/blog/christopher-campbell-28571-unsplash.jpg]
[demo.bootstrapious.com/varkala/1-2-1/img/blog/ian-dooley-347962-unsplash.jpg]
[demo.bootstrapious.com/varkala/1-2-1/img/blog/ian-dooley-347942-unsplash.jpg]
[demo.bootstrapious.com/varkala/1-2-1/img/blog/photo-1534126511673-b6899657816a.jpg]
[demo.bootstrapious.com/varkala/1-2-1/img/product/product-square-ian-dooley-347968-unsplash.jpg]
[demo.bootstrapious.com/varkala/1-2-1/img/product/product-square-kyle-loftus-596319-unsplash.jpg]
[demo.bootstrapious.com/varkala/1-2-1/img/product/product-square-serrah-galos-494312-unsplash.jpg]
[demo.bootstrapious.com/varkala/1-2-1/vendor/jquery/jquery.min.js]
[demo.bootstrapious.com/varkala/1-2-1/vendor/bootstrap/js/bootstrap.bundle.min.js]
[demo.bootstrapious.com/varkala/1-2-1/vendor/swiper/js/swiper.min.js]
[demo.bootstrapious.com/varkala/1-2-1/vendor/bootstrap-select/js/bootstrap-select.min.js]
[demo.bootstrapious.com/varkala/1-2-1/vendor/aos/aos.js]
[demo.bootstrapious.com/varkala/1-2-1/vendor/malihu-custom-scrollbar-plugin/jquery.mCustomScrollbar.concat.min.js]
[demo.bootstrapious.com/varkala/1-2-1/vendor/smooth-scroll/smooth-scroll.polyfills.min.js]
[demo.bootstrapious.com/varkala/1-2-1/vendor/object-fit-images/ofi.min.js]
[demo.bootstrapious.com/varkala/1-2-1/docs/index.html]
[demo.bootstrapious.com/varkala/1-2-1/docs/directory-structure.html]
[demo.bootstrapious.com/varkala/1-2-1/docs/gulp.html]
[demo.bootstrapious.com/varkala/1-2-1/docs/customizing-css.html]
[demo.bootstrapious.com/varkala/1-2-1/docs/credits.html]
[demo.bootstrapious.com/varkala/1-2-1/docs/changelog.html]
[demo.bootstrapious.com/varkala/1-2-1/docs/components-bootstrap.html]
[demo.bootstrapious.com/varkala/1-2-1/img/product/chair3-3.jpg]
[demo.bootstrapious.com/varkala/1-2-1/img/product/clock.jpg]
[demo.bootstrapious.com/varkala/1-2-1/icons/demo.html]
[demo.bootstrapious.com/varkala/1-2-1/img/product/category-jackets.jpg]
[demo.bootstrapious.com/varkala/1-2-1/img/product/0987188250_1_1_1.jpg]
[demo.bootstrapious.com/varkala/1-2-1/img/product/0987188250_2_1_1.jpg]
[demo.bootstrapious.com/varkala/1-2-1/img/product/0950354513_1_1_1.jpg]
[demo.bootstrapious.com/varkala/1-2-1/img/product/0950354513_2_1_1.jpg]
[demo.bootstrapious.com/varkala/1-2-1/img/product/5161335400_1_1_1.jpg]
[demo.bootstrapious.com/varkala/1-2-1/img/product/5161335400_2_3_1.jpg]
[demo.bootstrapious.com/varkala/1-2-1/img/product/0027211800_1_2_1.jpg]
[demo.bootstrapious.com/varkala/1-2-1/img/product/0027211800_2_1_1.jpg]
[demo.bootstrapious.com/varkala/1-2-1/vendor/photoswipe/photoswipe.min.js]
[demo.bootstrapious.com/varkala/1-2-1/vendor/photoswipe/photoswipe-ui-default.min.js]
[demo.bootstrapious.com/varkala/1-2-1/vendor/jquery-zoom/jquery.zoom.min.js]
[demo.bootstrapious.com/varkala/1-2-1/docs/components-theme.html]
[demo.bootstrapious.com/varkala/1-2-1/GET.html]
[d19m59y37dris4.cloudfront.net/varkala/1-2-1/css/photoswipe/default-skin.b257fa9c.svg]
[d19m59y37dris4.cloudfront.net/varkala/1-2-1/vendor/nouislider/nouislider.css]
[demo.bootstrapious.com/varkala/1-2-1/checkout2.html]
[demo.bootstrapious.com/varkala/1-2-1/detail.html]
[demo.bootstrapious.com/varkala/1-2-1/vendor/swiper/css/swiper.min.css]
[demo.bootstrapious.com/varkala/1-2-1/vendor/aos/aos.css]
[demo.bootstrapious.com/varkala/1-2-1/checkout3.html]
[demo.bootstrapious.com/varkala/1-2-1/vendor/malihu-custom-scrollbar-plugin/mCSB_buttons.png]
[demo.bootstrapious.com/varkala/1-2-1/vendor/malihu-custom-scrollbar-plugin/jquery.mCustomScrollbar.css]
[demo.bootstrapious.com/varkala/1-2-1/css/photoswipe/default-skin.e3f799c6.png]
[demo.bootstrapious.com/varkala/1-2-1/css/photoswipe/preloader.e34aafbb.gif]
[demo.bootstrapious.com/varkala/1-2-1/css/style.default.bc0dbdbe.css]
[demo.bootstrapious.com/varkala/1-2-1/css/custom.0a822280.css]
[demo.bootstrapious.com/varkala/1-2-1/docs/category-categories.html]
[demo.bootstrapious.com/varkala/1-2-1/docs/GET.html]
[demo.bootstrapious.com/varkala/1-2-1/docs/detail-1.html]
[demo.bootstrapious.com/varkala/1-2-1/icons/demo.html]
[demo.bootstrapious.com/varkala/1-2-1/docs/category-full.html]
[demo.bootstrapious.com/varkala/1-2-1/checkout3.html]
[demo.bootstrapious.com/varkala/1-2-1/css/photoswipe/default-skin.b257fa9c.svg]
[demo.bootstrapious.com/varkala/1-2-1/icons/orion-svg-sprite.3f375885.svg]
[demo.bootstrapious.com/varkala/1-2-1/checkout4.html]
[demo.bootstrapious.com/varkala/1-2-1/checkout4.html]
